(   9) 0000 ABDA        ;             phx.w
(  10) 0002 ABBA        ;             tsx.w
(  12) 0004 B505        ;             lda _fLenOff,X
(  13) 0006 C905        ;             cmp #5
(  14) 0008 AB3002      ;             ble _iwrite_SetCnt
(  15) 000B A905        ;             lda #5
(  17) 000D AB48        ;             pha.w
(  18) 000F ABB507      ;             lda.w _iValOff,X
(  21) 0012 AB48        ;             pha.w
(  22) 0014 ABE20A00    ;             psh.w #10
	Missing conversion(s): 0x0018-0x001B
(  24) 001C C204        ;             adj #4
(  25) 001E 1B          ;             swp a
(  27) 001F 18          ;             clc
(  28) 0020 6930        ;             adc #48
(  29) 0022 48          ;             pha
(  31) 0023 2B          ;             rot a
(  33) 0024 ABD6FF      ;             dec.w _iCntOff,X
(  34) 0027 D0E9        ;             bne _iwrite_Lp
(  36) 0029 CB8A        ;             tsa.w
(  37) 002B AB1A        ;             inc.w a
(  39) 002D AB48        ;             pha.w
(  40) 002F A000        ;             ldy #0
(  42) 0031 8BB101      ;             lda (1,S),Y
(  43) 0034 C930        ;             cmp #48
(  44) 0036 D00B        ;             bne _iwrite_Sup0a
(  45) 0038 A920        ;             lda #32
(  46) 003A 8B9101      ;             sta (1,S),Y
(  47) 003D C8          ;             iny
(  48) 003E FBD505      ;             cmp.y _fLenOff,X
(  49) 0041 D0EE        ;             bne _iwrite_Sup0
(  51) 0043 ABE20000    ;             psh.w #0
(  52) 0047 B505        ;             lda _fLenOff,X
(  53) 0049 AB48        ;             pha.w
	Missing conversion(s): 0x004B-0x004E
(  55) 004F C206        ;             adj #6
(  57) 0051 AB9A        ;             txs.w
(  58) 0053 ABFA        ;             plx.w
(  59) 0055 60          ;             rts
